Archive member included because of file (symbol)

c:/program files (x86)/atmel/atmel toolchain/avr8 gcc/native/3.4.1061/avr8-gnu-toolchain/bin/../lib/gcc/avr/4.8.1/avr51\libgcc.a(_exit.o)
                              c:/program files (x86)/atmel/atmel toolchain/avr8 gcc/native/3.4.1061/avr8-gnu-toolchain/bin/../lib/gcc/avr/4.8.1/../../../../avr/lib/avr51/crtcan128.o (exit)
c:/program files (x86)/atmel/atmel toolchain/avr8 gcc/native/3.4.1061/avr8-gnu-toolchain/bin/../lib/gcc/avr/4.8.1/avr51\libgcc.a(_tablejump.o)
                              print_functions.o (__tablejump2__)
c:/program files (x86)/atmel/atmel toolchain/avr8 gcc/native/3.4.1061/avr8-gnu-toolchain/bin/../lib/gcc/avr/4.8.1/avr51\libgcc.a(_copy_data.o)
                              print_functions.o (__do_copy_data)
c:/program files (x86)/atmel/atmel toolchain/avr8 gcc/native/3.4.1061/avr8-gnu-toolchain/bin/../lib/gcc/avr/4.8.1/avr51\libgcc.a(_clear_bss.o)
                              can_application.o (__do_clear_bss)

Allocating common symbols
Common symbol       size              file

Ind_led             0x3               Indicator_Driver.o
mail_box_no         0x1               can_midleware.o
MboxControlReg      0x42              can_midleware.o
mutex_reg           0x1               can_midleware.o
event_can           0x1               can_midleware.o
event_can_dummy     0x1               can_midleware.o

Discarded input sections

 .data          0x00000000        0x0 c:/program files (x86)/atmel/atmel toolchain/avr8 gcc/native/3.4.1061/avr8-gnu-toolchain/bin/../lib/gcc/avr/4.8.1/../../../../avr/lib/avr51/crtcan128.o
 .bss           0x00000000        0x0 c:/program files (x86)/atmel/atmel toolchain/avr8 gcc/native/3.4.1061/avr8-gnu-toolchain/bin/../lib/gcc/avr/4.8.1/../../../../avr/lib/avr51/crtcan128.o
 .text          0x00000000        0x0 avr_isr_vectors.o
 .data          0x00000000        0x0 avr_isr_vectors.o
 .bss           0x00000000        0x0 avr_isr_vectors.o
 .text          0x00000000        0x0 can_application.o
 .data          0x00000000        0x0 can_application.o
 .bss           0x00000000        0x0 can_application.o
 .text.CAN_App_50ms_Task
                0x00000000        0x2 can_application.o
 .text.Can_App_IDLE_Hook
                0x00000000       0x36 can_application.o
 .text.Can_App_200ms_Task
                0x00000000        0x2 can_application.o
 .text.ErrorTask
                0x00000000       0x18 can_application.o
 .text.Can_AppLED
                0x00000000       0x46 can_application.o
 .text          0x00000000        0x0 can_driver.o
 .data          0x00000000        0x0 can_driver.o
 .bss           0x00000000        0x0 can_driver.o
 .text.Get_Mask_ID
                0x00000000       0x22 can_driver.o
 .text.Get_CAN_Tx_error
                0x00000000        0x6 can_driver.o
 .text.Get_CAN_Rx_error
                0x00000000        0x6 can_driver.o
 .text.Get_CAN_Timmer
                0x00000000       0x14 can_driver.o
 .text.Get_CAN_TTC_Timmer
                0x00000000       0x14 can_driver.o
 .text.CAN_Get_Status_Interrupt
                0x00000000       0x38 can_driver.o
 .text.Can_Service_Interrupt_control
                0x00000000       0x36 can_driver.o
 .text          0x00000000        0x0 can_midleware.o
 .data          0x00000000        0x0 can_midleware.o
 .bss           0x00000000        0x0 can_midleware.o
 .text.CanMw_Update_App
                0x00000000        0x2 can_midleware.o
 .text.CanMw_Send_TX_Messages
                0x00000000       0x52 can_midleware.o
 .text.CanMW_ReSync_Driver
                0x00000000       0x78 can_midleware.o
 .text.CanMW_ReConf_Driver
                0x00000000       0x64 can_midleware.o
 .text.CanMW_get_mutex
                0x00000000        0x6 can_midleware.o
 .text.CanMW_Event_Get
                0x00000000        0x6 can_midleware.o
 .text.CanMW_Event_Clean
                0x00000000        0x6 can_midleware.o
 .bss.iCounter  0x00000000        0x1 can_midleware.o
 .text          0x00000000        0x0 hardware_init.o
 .data          0x00000000        0x0 hardware_init.o
 .bss           0x00000000        0x0 hardware_init.o
 .text          0x00000000        0x0 Indicator_Driver.o
 .data          0x00000000        0x0 Indicator_Driver.o
 .bss           0x00000000        0x0 Indicator_Driver.o
 .text.Led_Tx   0x00000000       0x16 Indicator_Driver.o
 .text.Led_Rx   0x00000000       0x16 Indicator_Driver.o
 .text.Led_Err  0x00000000       0x16 Indicator_Driver.o
 COMMON         0x00000000        0x3 Indicator_Driver.o
 .text          0x00000000        0x0 main.o
 .data          0x00000000        0x0 main.o
 .bss           0x00000000        0x0 main.o
 .text          0x00000000        0x0 print_functions.o
 .data          0x00000000        0x0 print_functions.o
 .bss           0x00000000        0x0 print_functions.o
 .text.HExChar  0x00000000       0x58 print_functions.o
 .progmem.gcc_sw_table.HExChar
                0x00000000       0x1e print_functions.o
 .text.HexByte  0x00000000       0x24 print_functions.o
 .text.Print_Buffer
                0x00000000       0x1e print_functions.o
 .rodata.str1.1
                0x00000000        0x2 print_functions.o
 .text.Print_BufferHEX
                0x00000000       0x32 print_functions.o
 .debug_info    0x00000000      0x1ed print_functions.o
 .debug_abbrev  0x00000000       0xea print_functions.o
 .debug_loc     0x00000000      0x3e7 print_functions.o
 .debug_aranges
                0x00000000       0x38 print_functions.o
 .debug_ranges  0x00000000       0x28 print_functions.o
 .debug_line    0x00000000      0x1f7 print_functions.o
 .debug_str     0x00000000      0x1b7 print_functions.o
 .comment       0x00000000       0x31 print_functions.o
 .debug_frame   0x00000000       0x7c print_functions.o
 .text          0x00000000        0x0 schedule_callbacks.o
 .data          0x00000000        0x0 schedule_callbacks.o
 .bss           0x00000000        0x0 schedule_callbacks.o
 .text          0x00000000        0x0 system_callbacks.o
 .data          0x00000000        0x0 system_callbacks.o
 .bss           0x00000000        0x0 system_callbacks.o
 .text          0x00000000        0x0 task_scheduler.o
 .data          0x00000000        0x0 task_scheduler.o
 .bss           0x00000000        0x0 task_scheduler.o
 .text.schedulerEnableInterrupt
                0x00000000        0x8 task_scheduler.o
 .text.schedulerEmptyfunction
                0x00000000        0x2 task_scheduler.o
 .text          0x00000000        0x0 timers_at90can128.o
 .data          0x00000000        0x0 timers_at90can128.o
 .bss           0x00000000        0x0 timers_at90can128.o
 .text.tmr0At90can128EnableInterrupts
                0x00000000        0x6 timers_at90can128.o
 .text.tmr0At90can128GetCount
                0x00000000        0x4 timers_at90can128.o
 .text.tmr0At90can128GetTop
                0x00000000        0x4 timers_at90can128.o
 .text.tmr0At90can128SetupT0
                0x00000000        0xc timers_at90can128.o
 .text          0x00000000        0x0 twi_at90can128.o
 .data          0x00000000        0x0 twi_at90can128.o
 .bss           0x00000000        0x0 twi_at90can128.o
 .text.twiAt90can128MasterSendMsg
                0x00000000       0x5e twi_at90can128.o
 .text.twiAt90can128MasterGetData
                0x00000000        0xa twi_at90can128.o
 .text.twiAt90can128SlaveGetData
                0x00000000        0xa twi_at90can128.o
 .text.twiAt90can128IsBusy
                0x00000000        0x6 twi_at90can128.o
 .text          0x00000000        0x0 twi_test.o
 .data          0x00000000        0x0 twi_test.o
 .bss           0x00000000        0x0 twi_test.o
 .debug_line    0x00000000        0x0 twi_test.o
 .debug_str     0x00000000        0x0 twi_test.o
 .comment       0x00000000       0x31 twi_test.o
 .text          0x00000000        0x0 usart.o
 .data          0x00000000        0x0 usart.o
 .bss           0x00000000        0x0 usart.o
 .text.usart_disable_interrupts
                0x00000000        0xe usart.o
 .text.UART_IsBusy
                0x00000000        0x6 usart.o
 .text.UART_setBusy
                0x00000000        0x6 usart.o
 .text          0x00000000        0x0 watchdog.o
 .data          0x00000000        0x0 watchdog.o
 .bss           0x00000000        0x0 watchdog.o
 .text.watchdog_off
                0x00000000       0x12 watchdog.o
 .text.watchdog_preescaler
                0x00000000        0xe watchdog.o
 .text          0x00000000        0x0 c:/program files (x86)/atmel/atmel toolchain/avr8 gcc/native/3.4.1061/avr8-gnu-toolchain/bin/../lib/gcc/avr/4.8.1/avr51\libgcc.a(_exit.o)
 .data          0x00000000        0x0 c:/program files (x86)/atmel/atmel toolchain/avr8 gcc/native/3.4.1061/avr8-gnu-toolchain/bin/../lib/gcc/avr/4.8.1/avr51\libgcc.a(_exit.o)
 .bss           0x00000000        0x0 c:/program files (x86)/atmel/atmel toolchain/avr8 gcc/native/3.4.1061/avr8-gnu-toolchain/bin/../lib/gcc/avr/4.8.1/avr51\libgcc.a(_exit.o)
 .text.libgcc.mul
                0x00000000        0x0 c:/program files (x86)/atmel/atmel toolchain/avr8 gcc/native/3.4.1061/avr8-gnu-toolchain/bin/../lib/gcc/avr/4.8.1/avr51\libgcc.a(_exit.o)
 .text.libgcc.div
                0x00000000        0x0 c:/program files (x86)/atmel/atmel toolchain/avr8 gcc/native/3.4.1061/avr8-gnu-toolchain/bin/../lib/gcc/avr/4.8.1/avr51\libgcc.a(_exit.o)
 .text.libgcc   0x00000000        0x0 c:/program files (x86)/atmel/atmel toolchain/avr8 gcc/native/3.4.1061/avr8-gnu-toolchain/bin/../lib/gcc/avr/4.8.1/avr51\libgcc.a(_exit.o)
 .text.libgcc.prologue
                0x00000000        0x0 c:/program files (x86)/atmel/atmel toolchain/avr8 gcc/native/3.4.1061/avr8-gnu-toolchain/bin/../lib/gcc/avr/4.8.1/avr51\libgcc.a(_exit.o)
 .text.libgcc.builtins
                0x00000000        0x0 c:/program files (x86)/atmel/atmel toolchain/avr8 gcc/native/3.4.1061/avr8-gnu-toolchain/bin/../lib/gcc/avr/4.8.1/avr51\libgcc.a(_exit.o)
 .text.libgcc.fmul
                0x00000000        0x0 c:/program files (x86)/atmel/atmel toolchain/avr8 gcc/native/3.4.1061/avr8-gnu-toolchain/bin/../lib/gcc/avr/4.8.1/avr51\libgcc.a(_exit.o)
 .text.libgcc.fixed
                0x00000000        0x0 c:/program files (x86)/atmel/atmel toolchain/avr8 gcc/native/3.4.1061/avr8-gnu-toolchain/bin/../lib/gcc/avr/4.8.1/avr51\libgcc.a(_exit.o)
 .text          0x00000000        0x0 c:/program files (x86)/atmel/atmel toolchain/avr8 gcc/native/3.4.1061/avr8-gnu-toolchain/bin/../lib/gcc/avr/4.8.1/avr51\libgcc.a(_tablejump.o)
 .data          0x00000000        0x0 c:/program files (x86)/atmel/atmel toolchain/avr8 gcc/native/3.4.1061/avr8-gnu-toolchain/bin/../lib/gcc/avr/4.8.1/avr51\libgcc.a(_tablejump.o)
 .bss           0x00000000        0x0 c:/program files (x86)/atmel/atmel toolchain/avr8 gcc/native/3.4.1061/avr8-gnu-toolchain/bin/../lib/gcc/avr/4.8.1/avr51\libgcc.a(_tablejump.o)
 .text.libgcc.mul
                0x00000000        0x0 c:/program files (x86)/atmel/atmel toolchain/avr8 gcc/native/3.4.1061/avr8-gnu-toolchain/bin/../lib/gcc/avr/4.8.1/avr51\libgcc.a(_tablejump.o)
 .text.libgcc.div
                0x00000000        0x0 c:/program files (x86)/atmel/atmel toolchain/avr8 gcc/native/3.4.1061/avr8-gnu-toolchain/bin/../lib/gcc/avr/4.8.1/avr51\libgcc.a(_tablejump.o)
 .text.libgcc.prologue
                0x00000000        0x0 c:/program files (x86)/atmel/atmel toolchain/avr8 gcc/native/3.4.1061/avr8-gnu-toolchain/bin/../lib/gcc/avr/4.8.1/avr51\libgcc.a(_tablejump.o)
 .text.libgcc.builtins
                0x00000000        0x0 c:/program files (x86)/atmel/atmel toolchain/avr8 gcc/native/3.4.1061/avr8-gnu-toolchain/bin/../lib/gcc/avr/4.8.1/avr51\libgcc.a(_tablejump.o)
 .text.libgcc.fmul
                0x00000000        0x0 c:/program files (x86)/atmel/atmel toolchain/avr8 gcc/native/3.4.1061/avr8-gnu-toolchain/bin/../lib/gcc/avr/4.8.1/avr51\libgcc.a(_tablejump.o)
 .text.libgcc.fixed
                0x00000000        0x0 c:/program files (x86)/atmel/atmel toolchain/avr8 gcc/native/3.4.1061/avr8-gnu-toolchain/bin/../lib/gcc/avr/4.8.1/avr51\libgcc.a(_tablejump.o)
 .text          0x00000000        0x0 c:/program files (x86)/atmel/atmel toolchain/avr8 gcc/native/3.4.1061/avr8-gnu-toolchain/bin/../lib/gcc/avr/4.8.1/avr51\libgcc.a(_copy_data.o)
 .data          0x00000000        0x0 c:/program files (x86)/atmel/atmel toolchain/avr8 gcc/native/3.4.1061/avr8-gnu-toolchain/bin/../lib/gcc/avr/4.8.1/avr51\libgcc.a(_copy_data.o)
 .bss           0x00000000        0x0 c:/program files (x86)/atmel/atmel toolchain/avr8 gcc/native/3.4.1061/avr8-gnu-toolchain/bin/../lib/gcc/avr/4.8.1/avr51\libgcc.a(_copy_data.o)
 .text.libgcc.mul
                0x00000000        0x0 c:/program files (x86)/atmel/atmel toolchain/avr8 gcc/native/3.4.1061/avr8-gnu-toolchain/bin/../lib/gcc/avr/4.8.1/avr51\libgcc.a(_copy_data.o)
 .text.libgcc.div
                0x00000000        0x0 c:/program files (x86)/atmel/atmel toolchain/avr8 gcc/native/3.4.1061/avr8-gnu-toolchain/bin/../lib/gcc/avr/4.8.1/avr51\libgcc.a(_copy_data.o)
 .text.libgcc   0x00000000        0x0 c:/program files (x86)/atmel/atmel toolchain/avr8 gcc/native/3.4.1061/avr8-gnu-toolchain/bin/../lib/gcc/avr/4.8.1/avr51\libgcc.a(_copy_data.o)
 .text.libgcc.prologue
                0x00000000        0x0 c:/program files (x86)/atmel/atmel toolchain/avr8 gcc/native/3.4.1061/avr8-gnu-toolchain/bin/../lib/gcc/avr/4.8.1/avr51\libgcc.a(_copy_data.o)
 .text.libgcc.builtins
                0x00000000        0x0 c:/program files (x86)/atmel/atmel toolchain/avr8 gcc/native/3.4.1061/avr8-gnu-toolchain/bin/../lib/gcc/avr/4.8.1/avr51\libgcc.a(_copy_data.o)
 .text.libgcc.fmul
                0x00000000        0x0 c:/program files (x86)/atmel/atmel toolchain/avr8 gcc/native/3.4.1061/avr8-gnu-toolchain/bin/../lib/gcc/avr/4.8.1/avr51\libgcc.a(_copy_data.o)
 .text.libgcc.fixed
                0x00000000        0x0 c:/program files (x86)/atmel/atmel toolchain/avr8 gcc/native/3.4.1061/avr8-gnu-toolchain/bin/../lib/gcc/avr/4.8.1/avr51\libgcc.a(_copy_data.o)
 .text          0x00000000        0x0 c:/program files (x86)/atmel/atmel toolchain/avr8 gcc/native/3.4.1061/avr8-gnu-toolchain/bin/../lib/gcc/avr/4.8.1/avr51\libgcc.a(_clear_bss.o)
 .data          0x00000000        0x0 c:/program files (x86)/atmel/atmel toolchain/avr8 gcc/native/3.4.1061/avr8-gnu-toolchain/bin/../lib/gcc/avr/4.8.1/avr51\libgcc.a(_clear_bss.o)
 .bss           0x00000000        0x0 c:/program files (x86)/atmel/atmel toolchain/avr8 gcc/native/3.4.1061/avr8-gnu-toolchain/bin/../lib/gcc/avr/4.8.1/avr51\libgcc.a(_clear_bss.o)
 .text.libgcc.mul
                0x00000000        0x0 c:/program files (x86)/atmel/atmel toolchain/avr8 gcc/native/3.4.1061/avr8-gnu-toolchain/bin/../lib/gcc/avr/4.8.1/avr51\libgcc.a(_clear_bss.o)
 .text.libgcc.div
                0x00000000        0x0 c:/program files (x86)/atmel/atmel toolchain/avr8 gcc/native/3.4.1061/avr8-gnu-toolchain/bin/../lib/gcc/avr/4.8.1/avr51\libgcc.a(_clear_bss.o)
 .text.libgcc   0x00000000        0x0 c:/program files (x86)/atmel/atmel toolchain/avr8 gcc/native/3.4.1061/avr8-gnu-toolchain/bin/../lib/gcc/avr/4.8.1/avr51\libgcc.a(_clear_bss.o)
 .text.libgcc.prologue
                0x00000000        0x0 c:/program files (x86)/atmel/atmel toolchain/avr8 gcc/native/3.4.1061/avr8-gnu-toolchain/bin/../lib/gcc/avr/4.8.1/avr51\libgcc.a(_clear_bss.o)
 .text.libgcc.builtins
                0x00000000        0x0 c:/program files (x86)/atmel/atmel toolchain/avr8 gcc/native/3.4.1061/avr8-gnu-toolchain/bin/../lib/gcc/avr/4.8.1/avr51\libgcc.a(_clear_bss.o)
 .text.libgcc.fmul
                0x00000000        0x0 c:/program files (x86)/atmel/atmel toolchain/avr8 gcc/native/3.4.1061/avr8-gnu-toolchain/bin/../lib/gcc/avr/4.8.1/avr51\libgcc.a(_clear_bss.o)
 .text.libgcc.fixed
                0x00000000        0x0 c:/program files (x86)/atmel/atmel toolchain/avr8 gcc/native/3.4.1061/avr8-gnu-toolchain/bin/../lib/gcc/avr/4.8.1/avr51\libgcc.a(_clear_bss.o)

Memory Configuration

Name             Origin             Length             Attributes
text             0x00000000         0x00020000         xr
data             0x00800100         0x0000ff00         rw !x
eeprom           0x00810000         0x00010000         rw !x
fuse             0x00820000         0x00000400         rw !x
lock             0x00830000         0x00000400         rw !x
signature        0x00840000         0x00000400         rw !x
user_signatures  0x00850000         0x00000400         rw !x
*default*        0x00000000         0xffffffff

Linker script and memory map

Address of section .data set to 0x800100
LOAD c:/program files (x86)/atmel/atmel toolchain/avr8 gcc/native/3.4.1061/avr8-gnu-toolchain/bin/../lib/gcc/avr/4.8.1/../../../../avr/lib/avr51/crtcan128.o
LOAD avr_isr_vectors.o
LOAD can_application.o
LOAD can_driver.o
LOAD can_midleware.o
LOAD hardware_init.o
LOAD Indicator_Driver.o
LOAD main.o
LOAD print_functions.o
LOAD schedule_callbacks.o
LOAD system_callbacks.o
LOAD task_scheduler.o
LOAD timers_at90can128.o
LOAD twi_at90can128.o
LOAD twi_test.o
LOAD usart.o
LOAD watchdog.o
START GROUP
LOAD c:/program files (x86)/atmel/atmel toolchain/avr8 gcc/native/3.4.1061/avr8-gnu-toolchain/bin/../lib/gcc/avr/4.8.1/../../../../avr/lib/avr51\libm.a
END GROUP
START GROUP
LOAD c:/program files (x86)/atmel/atmel toolchain/avr8 gcc/native/3.4.1061/avr8-gnu-toolchain/bin/../lib/gcc/avr/4.8.1/avr51\libgcc.a
LOAD c:/program files (x86)/atmel/atmel toolchain/avr8 gcc/native/3.4.1061/avr8-gnu-toolchain/bin/../lib/gcc/avr/4.8.1/../../../../avr/lib/avr51\libm.a
LOAD c:/program files (x86)/atmel/atmel toolchain/avr8 gcc/native/3.4.1061/avr8-gnu-toolchain/bin/../lib/gcc/avr/4.8.1/../../../../avr/lib/avr51\libc.a
END GROUP

.hash
 *(.hash)

.dynsym
 *(.dynsym)

.dynstr
 *(.dynstr)

.gnu.version
 *(.gnu.version)

.gnu.version_d
 *(.gnu.version_d)

.gnu.version_r
 *(.gnu.version_r)

.rel.init
 *(.rel.init)

.rela.init
 *(.rela.init)

.rel.text
 *(.rel.text)
 *(.rel.text.*)
 *(.rel.gnu.linkonce.t*)

.rela.text
 *(.rela.text)
 *(.rela.text.*)
 *(.rela.gnu.linkonce.t*)

.rel.fini
 *(.rel.fini)

.rela.fini
 *(.rela.fini)

.rel.rodata
 *(.rel.rodata)
 *(.rel.rodata.*)
 *(.rel.gnu.linkonce.r*)

.rela.rodata
 *(.rela.rodata)
 *(.rela.rodata.*)
 *(.rela.gnu.linkonce.r*)

.rel.data
 *(.rel.data)
 *(.rel.data.*)
 *(.rel.gnu.linkonce.d*)

.rela.data
 *(.rela.data)
 *(.rela.data.*)
 *(.rela.gnu.linkonce.d*)

.rel.ctors
 *(.rel.ctors)

.rela.ctors
 *(.rela.ctors)

.rel.dtors
 *(.rel.dtors)

.rela.dtors
 *(.rela.dtors)

.rel.got
 *(.rel.got)

.rela.got
 *(.rela.got)

.rel.bss
 *(.rel.bss)

.rela.bss
 *(.rela.bss)

.rel.plt
 *(.rel.plt)

.rela.plt
 *(.rela.plt)

.text           0x00000000     0x13e2
 *(.vectors)
 .vectors       0x00000000       0x94 c:/program files (x86)/atmel/atmel toolchain/avr8 gcc/native/3.4.1061/avr8-gnu-toolchain/bin/../lib/gcc/avr/4.8.1/../../../../avr/lib/avr51/crtcan128.o
                0x00000000                __vector_default
                0x00000000                __vectors
 *(.vectors)
 *(.progmem.gcc*)
 .progmem.gcc_sw_table.twiAt90can128EvaluateStep
                0x00000094      0x192 twi_at90can128.o
                0x00000226                . = ALIGN (0x2)
                0x00000226                __trampolines_start = .
 *(.trampolines)
 .trampolines   0x00000226        0x0 linker stubs
 *(.trampolines*)
                0x00000226                __trampolines_end = .
 *(.progmem*)
                0x00000226                . = ALIGN (0x2)
 *(.jumptables)
 *(.jumptables*)
 *(.lowtext)
 *(.lowtext*)
                0x00000226                __ctors_start = .
 *(.ctors)
                0x00000226                __ctors_end = .
                0x00000226                __dtors_start = .
 *(.dtors)
                0x00000226                __dtors_end = .
 SORT(*)(.ctors)
 SORT(*)(.dtors)
 *(.init0)
 .init0         0x00000226        0x0 c:/program files (x86)/atmel/atmel toolchain/avr8 gcc/native/3.4.1061/avr8-gnu-toolchain/bin/../lib/gcc/avr/4.8.1/../../../../avr/lib/avr51/crtcan128.o
                0x00000226                __init
 *(.init0)
 *(.init1)
 *(.init1)
 *(.init2)
 .init2         0x00000226        0xc c:/program files (x86)/atmel/atmel toolchain/avr8 gcc/native/3.4.1061/avr8-gnu-toolchain/bin/../lib/gcc/avr/4.8.1/../../../../avr/lib/avr51/crtcan128.o
 *(.init2)
 *(.init3)
 *(.init3)
 *(.init4)
 .init4         0x00000232       0x1a c:/program files (x86)/atmel/atmel toolchain/avr8 gcc/native/3.4.1061/avr8-gnu-toolchain/bin/../lib/gcc/avr/4.8.1/avr51\libgcc.a(_copy_data.o)
                0x00000232                __do_copy_data
 .init4         0x0000024c       0x10 c:/program files (x86)/atmel/atmel toolchain/avr8 gcc/native/3.4.1061/avr8-gnu-toolchain/bin/../lib/gcc/avr/4.8.1/avr51\libgcc.a(_clear_bss.o)
                0x0000024c                __do_clear_bss
 *(.init4)
 *(.init5)
 *(.init5)
 *(.init6)
 *(.init6)
 *(.init7)
 *(.init7)
 *(.init8)
 *(.init8)
 *(.init9)
 .init9         0x0000025c        0x6 c:/program files (x86)/atmel/atmel toolchain/avr8 gcc/native/3.4.1061/avr8-gnu-toolchain/bin/../lib/gcc/avr/4.8.1/../../../../avr/lib/avr51/crtcan128.o
 *(.init9)
 *(.text)
 .text          0x00000262        0x2 c:/program files (x86)/atmel/atmel toolchain/avr8 gcc/native/3.4.1061/avr8-gnu-toolchain/bin/../lib/gcc/avr/4.8.1/../../../../avr/lib/avr51/crtcan128.o
                0x00000262                __vector_22
                0x00000262                __vector_28
                0x00000262                __vector_1
                0x00000262                __vector_32
                0x00000262                __vector_34
                0x00000262                __vector_24
                0x00000262                __vector_12
                0x00000262                __bad_interrupt
                0x00000262                __vector_6
                0x00000262                __vector_31
                0x00000262                __vector_3
                0x00000262                __vector_23
                0x00000262                __vector_30
                0x00000262                __vector_25
                0x00000262                __vector_11
                0x00000262                __vector_13
                0x00000262                __vector_19
                0x00000262                __vector_7
                0x00000262                __vector_27
                0x00000262                __vector_5
                0x00000262                __vector_33
                0x00000262                __vector_4
                0x00000262                __vector_9
                0x00000262                __vector_2
                0x00000262                __vector_15
                0x00000262                __vector_36
                0x00000262                __vector_29
                0x00000262                __vector_8
                0x00000262                __vector_26
                0x00000262                __vector_14
                0x00000262                __vector_10
                0x00000262                __vector_20
                0x00000264                . = ALIGN (0x2)
 *(.text.*)
 .text.__vector_18
                0x00000264       0x56 avr_isr_vectors.o
                0x00000264                __vector_18
 .text.Can_App_Init
                0x000002ba       0x78 can_application.o
                0x000002ba                Can_App_Init
 .text.Get_CAN_ID
                0x00000332       0x22 can_driver.o
                0x00000332                Get_CAN_ID
 .text.Can_Set_MSG_ID
                0x00000354       0x1e can_driver.o
                0x00000354                Can_Set_MSG_ID
 .text.Can_Set_IDMask
                0x00000372       0x1e can_driver.o
                0x00000372                Can_Set_IDMask
 .text.Get_Can_Time_Stamp
                0x00000390       0x14 can_driver.o
                0x00000390                Get_Can_Time_Stamp
 .text.Can_Driver_Init
                0x000003a4       0x56 can_driver.o
                0x000003a4                Can_Driver_Init
 .text.CAN_MOB_Interrupt_Control
                0x000003fa       0x3c can_driver.o
                0x000003fa                CAN_MOB_Interrupt_Control
 .text.CAN_MOB_SimpleMode_Set
                0x00000436       0x14 can_driver.o
                0x00000436                CAN_MOB_SimpleMode_Set
 .text.Can_Tx_Msg
                0x0000044a       0x68 can_driver.o
                0x0000044a                Can_Tx_Msg
 .text.Can_Configure_MailBox
                0x000004b2       0x74 can_driver.o
                0x000004b2                Can_Configure_MailBox
 .text.CanMw_MailBox_Rx_Handler
                0x00000526       0x86 can_midleware.o
                0x00000526                CanMw_MailBox_Rx_Handler
 .text.CanMW_ReceivedRxHandle
                0x000005ac       0x1a can_midleware.o
                0x000005ac                CanMW_ReceivedRxHandle
 .text.CanMW_APP_Init
                0x000005c6        0xa can_midleware.o
                0x000005c6                CanMW_APP_Init
 .text.CanMW_InitMail_Box
                0x000005d0       0x38 can_midleware.o
                0x000005d0                CanMW_InitMail_Box
 .text.CanMw_Send_TX_Message
                0x00000608       0x3c can_midleware.o
                0x00000608                CanMw_Send_TX_Message
 .text.CanMW_set_mutex
                0x00000644        0x6 can_midleware.o
                0x00000644                CanMW_set_mutex
 .text.Get_Message_FromMbox
                0x0000064a       0x1c can_midleware.o
                0x0000064a                Get_Message_FromMbox
 .text.Get_MboxConfig
                0x00000666       0x1c can_midleware.o
                0x00000666                Get_MboxConfig
 .text.Write_Message_Mbox
                0x00000682       0x40 can_midleware.o
                0x00000682                Write_Message_Mbox
 .text.CAN_Main_Board_Init
                0x000006c2        0xe hardware_init.o
                0x000006c2                CAN_Main_Board_Init
 .text.Led_Indicators_Init
                0x000006d0        0xe Indicator_Driver.o
                0x000006d0                Led_Indicators_Init
 .text.main     0x000006de       0x30 main.o
                0x000006de                main
 .text.schedule_callback_Mailbox0
                0x0000070e        0x6 schedule_callbacks.o
                0x0000070e                schedule_callback_Mailbox0
 .text.schedule_callback_Mailbox1
                0x00000714        0x6 schedule_callbacks.o
                0x00000714                schedule_callback_Mailbox1
 .text.schedule_callback_Mailbox2
                0x0000071a        0x6 schedule_callbacks.o
                0x0000071a                schedule_callback_Mailbox2
 .text.schedule_callback_Mailbox3
                0x00000720        0x6 schedule_callbacks.o
                0x00000720                schedule_callback_Mailbox3
 .text.schedule_callback_Mailbox4
                0x00000726        0x6 schedule_callbacks.o
                0x00000726                schedule_callback_Mailbox4
 .text.schedule_callback_Mailbox5
                0x0000072c        0x6 schedule_callbacks.o
                0x0000072c                schedule_callback_Mailbox5
 .text.schedule_callback_Mailbox6
                0x00000732        0x6 schedule_callbacks.o
                0x00000732                schedule_callback_Mailbox6
 .text.schedule_callback_Mailbox7
                0x00000738        0x6 schedule_callbacks.o
                0x00000738                schedule_callback_Mailbox7
 .text.schedule_callback_Mailbox8
                0x0000073e        0x6 schedule_callbacks.o
                0x0000073e                schedule_callback_Mailbox8
 .text.schedule_callback_Mailbox9
                0x00000744        0x6 schedule_callbacks.o
                0x00000744                schedule_callback_Mailbox9
 .text.schedule_callback_Mailbox10
                0x0000074a        0x6 schedule_callbacks.o
                0x0000074a                schedule_callback_Mailbox10
 .text.schedule_callback_Mailbox11
                0x00000750        0x6 schedule_callbacks.o
                0x00000750                schedule_callback_Mailbox11
 .text.schedule_callback_Mailbox12
                0x00000756        0x6 schedule_callbacks.o
                0x00000756                schedule_callback_Mailbox12
 .text.schedule_callback_Mailbox13
                0x0000075c        0x6 schedule_callbacks.o
                0x0000075c                schedule_callback_Mailbox13
 .text.schedule_callback_Mailbox14
                0x00000762        0x6 schedule_callbacks.o
                0x00000762                schedule_callback_Mailbox14
 .text.schedule_callback_Mailbox15
                0x00000768        0x6 schedule_callbacks.o
                0x00000768                schedule_callback_Mailbox15
 .text.cbSetRXBuffer
                0x0000076e       0x32 system_callbacks.o
                0x0000076e                cbSetRXBuffer
 .text.cbSetTXBuffer
                0x000007a0       0x32 system_callbacks.o
                0x000007a0                cbSetTXBuffer
 .text.cbStartOfFrame
                0x000007d2       0x24 system_callbacks.o
                0x000007d2                cbStartOfFrame
 .text.cbValidateChecksum
                0x000007f6       0x32 system_callbacks.o
                0x000007f6                cbValidateChecksum
 .text.cbCommitData
                0x00000828       0xbc system_callbacks.o
                0x00000828                cbCommitData
 .text.cbDecodeReceivedData
                0x000008e4       0x68 system_callbacks.o
                0x000008e4                cbDecodeReceivedData
 .text.cbCalculateChecksum
                0x0000094c       0x2a system_callbacks.o
                0x0000094c                cbCalculateChecksum
 .text.cbBuildDataFrame
                0x00000976       0x70 system_callbacks.o
                0x00000976                cbBuildDataFrame
 .text.cbFetchData
                0x000009e6       0x86 system_callbacks.o
                0x000009e6                cbFetchData
 .text.cbSetupReply
                0x00000a6c       0xa6 system_callbacks.o
                0x00000a6c                cbSetupReply
 .text.schedulerSetupItem
                0x00000b12       0x20 task_scheduler.o
                0x00000b12                schedulerSetupItem
 .text.schedulerInit
                0x00000b32       0x16 task_scheduler.o
                0x00000b32                schedulerInit
 .text.schedulerEventHandler
                0x00000b48       0xea task_scheduler.o
                0x00000b48                schedulerEventHandler
 .text.tmr0At90can128Init
                0x00000c32       0x2e timers_at90can128.o
                0x00000c32                tmr0At90can128Init
 .text.tmr0At90can128areInterruptsEnabled
                0x00000c60        0x6 timers_at90can128.o
                0x00000c60                tmr0At90can128areInterruptsEnabled
 .text.tmr0At90can128SetCount
                0x00000c66        0x4 timers_at90can128.o
                0x00000c66                tmr0At90can128SetCount
 .text.tmr0At90can128SetTop
                0x00000c6a        0x4 timers_at90can128.o
                0x00000c6a                tmr0At90can128SetTop
 .text.tmr0At90can128SetupOC0A
                0x00000c6e        0xc timers_at90can128.o
                0x00000c6e                tmr0At90can128SetupOC0A
 .text.tmr0At90can128isOCF0AOn
                0x00000c7a        0x6 timers_at90can128.o
                0x00000c7a                tmr0At90can128isOCF0AOn
 .text.tmr0At90can128ClearOCF0A
                0x00000c80        0x4 timers_at90can128.o
                0x00000c80                tmr0At90can128ClearOCF0A
 .text.__vector_16
                0x00000c84       0x14 timers_at90can128.o
                0x00000c84                __vector_16
 .text.__vector_17
                0x00000c98       0x14 timers_at90can128.o
                0x00000c98                __vector_17
 .text.twiAt90can128Init
                0x00000cac       0x42 twi_at90can128.o
                0x00000cac                twiAt90can128Init
 .text.twiAt90can128EnableInterrupt
                0x00000cee       0x10 twi_at90can128.o
                0x00000cee                twiAt90can128EnableInterrupt
 .text.twiAt90can128EvaluateStep
                0x00000cfe      0x3f0 twi_at90can128.o
                0x00000cfe                twiAt90can128EvaluateStep
 .text.__vector_35
                0x000010ee       0x4e twi_at90can128.o
                0x000010ee                __vector_35
 .text.usart_enable_interrupts
                0x0000113c        0xc usart.o
                0x0000113c                usart_enable_interrupts
 .text.usart_init
                0x00001148       0x70 usart.o
                0x00001148                usart_init
 .text.UART_Receive
                0x000011b8       0x12 usart.o
                0x000011b8                UART_Receive
 .text.UART_Transmit
                0x000011ca       0x10 usart.o
                0x000011ca                UART_Transmit
 .text.UART_StreamTransmit
                0x000011da       0x5a usart.o
                0x000011da                UART_StreamTransmit
 .text.__vector_21
                0x00001234      0x180 usart.o
                0x00001234                __vector_21
 .text.watchdog_reset
                0x000013b4        0x4 watchdog.o
                0x000013b4                watchdog_reset
 .text.watchdog_on
                0x000013b8       0x1a watchdog.o
                0x000013b8                watchdog_on
 .text.libgcc   0x000013d2        0xc c:/program files (x86)/atmel/atmel toolchain/avr8 gcc/native/3.4.1061/avr8-gnu-toolchain/bin/../lib/gcc/avr/4.8.1/avr51\libgcc.a(_tablejump.o)
                0x000013d2                __tablejump2__
                0x000013d6                __tablejump__
                0x000013de                . = ALIGN (0x2)
 *(.fini9)
 .fini9         0x000013de        0x0 c:/program files (x86)/atmel/atmel toolchain/avr8 gcc/native/3.4.1061/avr8-gnu-toolchain/bin/../lib/gcc/avr/4.8.1/avr51\libgcc.a(_exit.o)
                0x000013de                _exit
                0x000013de                exit
 *(.fini9)
 *(.fini8)
 *(.fini8)
 *(.fini7)
 *(.fini7)
 *(.fini6)
 *(.fini6)
 *(.fini5)
 *(.fini5)
 *(.fini4)
 *(.fini4)
 *(.fini3)
 *(.fini3)
 *(.fini2)
 *(.fini2)
 *(.fini1)
 *(.fini1)
 *(.fini0)
 .fini0         0x000013de        0x4 c:/program files (x86)/atmel/atmel toolchain/avr8 gcc/native/3.4.1061/avr8-gnu-toolchain/bin/../lib/gcc/avr/4.8.1/avr51\libgcc.a(_exit.o)
 *(.fini0)
                0x000013e2                _etext = .

.data           0x00800100      0x13c load address 0x000013e2
                0x00800100                PROVIDE (__data_start, .)
 *(.data)
 *(.data*)
 .data.targetMailbox
                0x00800100        0x1 system_callbacks.o
 .data.schedule
                0x00800101       0x70 task_scheduler.o
                0x00800101                schedule
 .data.periods  0x00800171       0xa0 task_scheduler.o
                0x00800171                periods
 *(.rodata)
 *(.rodata*)
 .rodata.usart_table
                0x00800211       0x2a usart.o
                0x00800211                usart_table
 *(.gnu.linkonce.d*)
                0x0080023c                . = ALIGN (0x2)
 *fill*         0x0080023b        0x1 
                0x0080023c                _edata = .
                0x0080023c                PROVIDE (__data_end, .)

.bss            0x0080023c       0x81
                0x0080023c                PROVIDE (__bss_start, .)
 *(.bss)
 *(.bss*)
 .bss.can_initialization
                0x0080023c        0x1 can_application.o
                0x0080023c                can_initialization
 .bss.dataBuffer
                0x0080023d        0xf system_callbacks.o
 .bss.twiInProgress
                0x0080024c        0x1 twi_at90can128.o
 .bss.twiSlaveDataIdx
                0x0080024d        0x4 twi_at90can128.o
 .bss.twiSlaveDataLen
                0x00800251        0x4 twi_at90can128.o
 .bss.twiMasterDataIdx
                0x00800255        0x4 twi_at90can128.o
 .bss.twiMasterDataLen
                0x00800259        0x4 twi_at90can128.o
 .bss.twiSlaveDataBuffer
                0x0080025d        0x2 twi_at90can128.o
 .bss.twiMasterDataBuffer
                0x0080025f        0x2 twi_at90can128.o
 .bss.twiSla    0x00800261        0x1 twi_at90can128.o
 .bss.uart_in_progress
                0x00800262        0x1 usart.o
 .bss.uart_rx_idx
                0x00800263        0x4 usart.o
 .bss.uart_tx_idx
                0x00800267        0x4 usart.o
 .bss.uart_rx_len
                0x0080026b        0x4 usart.o
 .bss.uart_tx_len
                0x0080026f        0x4 usart.o
 .bss.uart_rx_buffer
                0x00800273        0x2 usart.o
 .bss.uart_tx_buffer
                0x00800275        0x2 usart.o
 *(COMMON)
 COMMON         0x00800277       0x46 can_midleware.o
                0x00800277                mail_box_no
                0x00800278                MboxControlReg
                0x008002ba                mutex_reg
                0x008002bb                event_can
                0x008002bc                event_can_dummy
                0x008002bd                PROVIDE (__bss_end, .)
                0x000013e2                __data_load_start = LOADADDR (.data)
                0x0000151e                __data_load_end = (__data_load_start + SIZEOF (.data))

.noinit         0x008002bd        0x0
                0x008002bd                PROVIDE (__noinit_start, .)
 *(.noinit*)
                0x008002bd                PROVIDE (__noinit_end, .)
                0x008002bd                _end = .
                0x008002bd                PROVIDE (__heap_start, .)

.eeprom         0x00810000        0x0
 *(.eeprom*)
                0x00810000                __eeprom_end = .

.fuse
 *(.fuse)
 *(.lfuse)
 *(.hfuse)
 *(.efuse)

.lock
 *(.lock*)

.signature
 *(.signature*)

.user_signatures
 *(.user_signatures*)

.stab
 *(.stab)

.stabstr
 *(.stabstr)

.stab.excl
 *(.stab.excl)

.stab.exclstr
 *(.stab.exclstr)

.stab.index
 *(.stab.index)

.stab.indexstr
 *(.stab.indexstr)

.comment        0x00000000       0x30
 *(.comment)
 .comment       0x00000000       0x30 avr_isr_vectors.o
                                 0x31 (size before relaxing)
 .comment       0x00000000       0x31 can_application.o
 .comment       0x00000000       0x31 can_driver.o
 .comment       0x00000000       0x31 can_midleware.o
 .comment       0x00000000       0x31 hardware_init.o
 .comment       0x00000000       0x31 Indicator_Driver.o
 .comment       0x00000000       0x31 main.o
 .comment       0x00000000       0x31 schedule_callbacks.o
 .comment       0x00000000       0x31 system_callbacks.o
 .comment       0x00000000       0x31 task_scheduler.o
 .comment       0x00000000       0x31 timers_at90can128.o
 .comment       0x00000000       0x31 twi_at90can128.o
 .comment       0x00000000       0x31 usart.o
 .comment       0x00000000       0x31 watchdog.o

.note.gnu.build-id
 *(.note.gnu.build-id)

.debug
 *(.debug)

.line
 *(.line)

.debug_srcinfo
 *(.debug_srcinfo)

.debug_sfnames
 *(.debug_sfnames)

.debug_aranges  0x00000000      0x4c0
 *(.debug_aranges)
 .debug_aranges
                0x00000000       0x20 avr_isr_vectors.o
 .debug_aranges
                0x00000020       0x48 can_application.o
 .debug_aranges
                0x00000068       0x98 can_driver.o
 .debug_aranges
                0x00000100       0x98 can_midleware.o
 .debug_aranges
                0x00000198       0x20 hardware_init.o
 .debug_aranges
                0x000001b8       0x38 Indicator_Driver.o
 .debug_aranges
                0x000001f0       0x20 main.o
 .debug_aranges
                0x00000210       0x98 schedule_callbacks.o
 .debug_aranges
                0x000002a8       0x68 system_callbacks.o
 .debug_aranges
                0x00000310       0x40 task_scheduler.o
 .debug_aranges
                0x00000350       0x80 timers_at90can128.o
 .debug_aranges
                0x000003d0       0x58 twi_at90can128.o
 .debug_aranges
                0x00000428       0x60 usart.o
 .debug_aranges
                0x00000488       0x38 watchdog.o

.debug_pubnames
 *(.debug_pubnames)

.debug_info     0x00000000     0x3628
 *(.debug_info .gnu.linkonce.wi.*)
 .debug_info    0x00000000       0xf8 avr_isr_vectors.o
 .debug_info    0x000000f8      0x755 can_application.o
 .debug_info    0x0000084d      0x562 can_driver.o
 .debug_info    0x00000daf      0x666 can_midleware.o
 .debug_info    0x00001415      0x190 hardware_init.o
 .debug_info    0x000015a5      0x165 Indicator_Driver.o
 .debug_info    0x0000170a      0x160 main.o
 .debug_info    0x0000186a      0x32f schedule_callbacks.o
 .debug_info    0x00001b99      0x7c8 system_callbacks.o
 .debug_info    0x00002361      0x559 task_scheduler.o
 .debug_info    0x000028ba      0x25f timers_at90can128.o
 .debug_info    0x00002b19      0x469 twi_at90can128.o
 .debug_info    0x00002f82      0x56e usart.o
 .debug_info    0x000034f0      0x138 watchdog.o

.debug_abbrev   0x00000000     0x1191
 *(.debug_abbrev)
 .debug_abbrev  0x00000000       0xc3 avr_isr_vectors.o
 .debug_abbrev  0x000000c3      0x195 can_application.o
 .debug_abbrev  0x00000258      0x190 can_driver.o
 .debug_abbrev  0x000003e8      0x1b3 can_midleware.o
 .debug_abbrev  0x0000059b       0xb8 hardware_init.o
 .debug_abbrev  0x00000653       0xc4 Indicator_Driver.o
 .debug_abbrev  0x00000717       0xa4 main.o
 .debug_abbrev  0x000007bb       0x82 schedule_callbacks.o
 .debug_abbrev  0x0000083d      0x20d system_callbacks.o
 .debug_abbrev  0x00000a4a      0x184 task_scheduler.o
 .debug_abbrev  0x00000bce      0x104 timers_at90can128.o
 .debug_abbrev  0x00000cd2      0x195 twi_at90can128.o
 .debug_abbrev  0x00000e67      0x282 usart.o
 .debug_abbrev  0x000010e9       0xa8 watchdog.o

.debug_line     0x00000000     0x2401
 *(.debug_line .debug_line.* .debug_line_end)
 .debug_line    0x00000000      0x127 avr_isr_vectors.o
 .debug_line    0x00000127      0x265 can_application.o
 .debug_line    0x0000038c      0x424 can_driver.o
 .debug_line    0x000007b0      0x3b0 can_midleware.o
 .debug_line    0x00000b60      0x132 hardware_init.o
 .debug_line    0x00000c92      0x1a2 Indicator_Driver.o
 .debug_line    0x00000e34      0x184 main.o
 .debug_line    0x00000fb8      0x26e schedule_callbacks.o
 .debug_line    0x00001226      0x3d7 system_callbacks.o
 .debug_line    0x000015fd      0x21c task_scheduler.o
 .debug_line    0x00001819      0x235 timers_at90can128.o
 .debug_line    0x00001a4e      0x595 twi_at90can128.o
 .debug_line    0x00001fe3      0x2df usart.o
 .debug_line    0x000022c2      0x13f watchdog.o

.debug_frame    0x00000000      0xb68
 *(.debug_frame)
 .debug_frame   0x00000000       0x6c avr_isr_vectors.o
 .debug_frame   0x0000006c       0xa0 can_application.o
 .debug_frame   0x0000010c      0x154 can_driver.o
 .debug_frame   0x00000260      0x198 can_midleware.o
 .debug_frame   0x000003f8       0x24 hardware_init.o
 .debug_frame   0x0000041c       0x54 Indicator_Driver.o
 .debug_frame   0x00000470       0x24 main.o
 .debug_frame   0x00000494      0x114 schedule_callbacks.o
 .debug_frame   0x000005a8      0x180 system_callbacks.o
 .debug_frame   0x00000728       0xb4 task_scheduler.o
 .debug_frame   0x000007dc       0xfc timers_at90can128.o
 .debug_frame   0x000008d8      0x10c twi_at90can128.o
 .debug_frame   0x000009e4      0x130 usart.o
 .debug_frame   0x00000b14       0x54 watchdog.o

.debug_str      0x00000000     0x192c
 *(.debug_str)
 .debug_str     0x00000000      0x1a1 avr_isr_vectors.o
                                0x1d5 (size before relaxing)
 .debug_str     0x000001a1      0x831 can_application.o
                                0x992 (size before relaxing)
 .debug_str     0x000009d2      0x1f3 can_driver.o
                                0x457 (size before relaxing)
 .debug_str     0x00000bc5      0x165 can_midleware.o
                                0x4f7 (size before relaxing)
 .debug_str     0x00000d2a      0x1d2 hardware_init.o
                                0x31f (size before relaxing)
 .debug_str     0x00000efc       0x7d Indicator_Driver.o
                                0x216 (size before relaxing)
 .debug_str     0x00000f79       0x73 main.o
                                0x1ea (size before relaxing)
 .debug_str     0x00000fec      0x1d0 schedule_callbacks.o
                                0x346 (size before relaxing)
 .debug_str     0x000011bc      0x190 system_callbacks.o
                                0x3ff (size before relaxing)
 .debug_str     0x0000134c      0x17e task_scheduler.o
                                0x817 (size before relaxing)
 .debug_str     0x000014ca       0x80 timers_at90can128.o
                                0x297 (size before relaxing)
 .debug_str     0x0000154a      0x1ab twi_at90can128.o
                                0x37b (size before relaxing)
 .debug_str     0x000016f5      0x1f8 usart.o
                                0x4ab (size before relaxing)
 .debug_str     0x000018ed       0x3f watchdog.o
                                0x23d (size before relaxing)

.debug_loc      0x00000000     0x20c3
 *(.debug_loc)
 .debug_loc     0x00000000       0xcb avr_isr_vectors.o
 .debug_loc     0x000000cb       0xc7 can_application.o
 .debug_loc     0x00000192      0x697 can_driver.o
 .debug_loc     0x00000829      0x44b can_midleware.o
 .debug_loc     0x00000c74      0xa79 system_callbacks.o
 .debug_loc     0x000016ed      0x1de task_scheduler.o
 .debug_loc     0x000018cb       0xf4 timers_at90can128.o
 .debug_loc     0x000019bf      0x36f twi_at90can128.o
 .debug_loc     0x00001d2e      0x353 usart.o
 .debug_loc     0x00002081       0x42 watchdog.o

.debug_macinfo
 *(.debug_macinfo)

.debug_weaknames
 *(.debug_weaknames)

.debug_funcnames
 *(.debug_funcnames)

.debug_typenames
 *(.debug_typenames)

.debug_varnames
 *(.debug_varnames)

.debug_pubtypes
 *(.debug_pubtypes)

.debug_ranges   0x00000000      0x3e0
 *(.debug_ranges)
 .debug_ranges  0x00000000       0x10 avr_isr_vectors.o
 .debug_ranges  0x00000010       0x38 can_application.o
 .debug_ranges  0x00000048       0x88 can_driver.o
 .debug_ranges  0x000000d0       0x88 can_midleware.o
 .debug_ranges  0x00000158       0x10 hardware_init.o
 .debug_ranges  0x00000168       0x28 Indicator_Driver.o
 .debug_ranges  0x00000190       0x10 main.o
 .debug_ranges  0x000001a0       0x88 schedule_callbacks.o
 .debug_ranges  0x00000228       0x58 system_callbacks.o
 .debug_ranges  0x00000280       0x30 task_scheduler.o
 .debug_ranges  0x000002b0       0x70 timers_at90can128.o
 .debug_ranges  0x00000320       0x48 twi_at90can128.o
 .debug_ranges  0x00000368       0x50 usart.o
 .debug_ranges  0x000003b8       0x28 watchdog.o

.debug_macro
 *(.debug_macro)
OUTPUT(avrcan.elf elf32-avr)
LOAD linker stubs
